// Jest Snapshot v1, https://goo.gl/fbAQLP

exports[`GithubDeviceAuthModal snapshots renders 1`] = `
.c1 {
  display: -webkit-box;
  display: -webkit-flex;
  display: -ms-flexbox;
  display: flex;
  -webkit-flex-direction: column;
  -ms-flex-direction: column;
  flex-direction: column;
  -webkit-align-items: start;
  -webkit-box-align: start;
  -ms-flex-align: start;
  align-items: start;
}

.c2 {
  display: -webkit-box;
  display: -webkit-flex;
  display: -ms-flexbox;
  display: flex;
  -webkit-flex-direction: row;
  -ms-flex-direction: row;
  flex-direction: row;
  -webkit-align-items: start;
  -webkit-box-align: start;
  -ms-flex-align: start;
  align-items: start;
  width: 100%;
  -webkit-box-pack: center;
  -webkit-justify-content: center;
  -ms-flex-pack: center;
  justify-content: center;
}

.c11 {
  display: -webkit-box;
  display: -webkit-flex;
  display: -ms-flexbox;
  display: flex;
  -webkit-flex-direction: row;
  -ms-flex-direction: row;
  flex-direction: row;
  -webkit-align-items: start;
  -webkit-box-align: start;
  -ms-flex-align: start;
  align-items: start;
  width: 100%;
  -webkit-box-pack: end;
  -webkit-justify-content: flex-end;
  -ms-flex-pack: end;
  justify-content: flex-end;
}

.c8 {
  display: -webkit-box;
  display: -webkit-flex;
  display: -ms-flexbox;
  display: flex;
  -webkit-flex-direction: row;
  -ms-flex-direction: row;
  flex-direction: row;
  -webkit-align-items: center;
  -webkit-box-align: center;
  -ms-flex-align: center;
  align-items: center;
}

.c6 {
  font-family: 'proxima-nova',Helvetica,Arial,sans-serif;
  font-size: 32px;
  font-weight: 400;
  text-transform: none;
  font-style: normal;
}

.c10 svg {
  fill: !important;
  height: 16px;
  width: 16px;
}

.c10.downward {
  -webkit-transform: rotate(180deg);
  -ms-transform: rotate(180deg);
  transform: rotate(180deg);
}

.c10.upward {
  -webkit-transform: initial;
  -ms-transform: initial;
  transform: initial;
}

.c10 .c5 {
  margin-left: 4px;
}

.c10 img {
  width: 16px;
}

.c7.MuiButton-root {
  height: 32px;
  font-size: 12px;
  -webkit-letter-spacing: 1px;
  -moz-letter-spacing: 1px;
  -ms-letter-spacing: 1px;
  letter-spacing: 1px;
  line-height: 1;
  border-radius: 2px;
  font-weight: 600;
}

.c7.MuiButton-outlined {
  padding: 8px 12px;
  border-color: #d8d8d8;
}

.c0 {
  display: -webkit-box;
  display: -webkit-flex;
  display: -ms-flexbox;
  display: flex;
  -webkit-flex-direction: column;
  -ms-flex-direction: column;
  flex-direction: column;
  -webkit-box-pack: space-evenly;
  -webkit-justify-content: space-evenly;
  -ms-flex-pack: space-evenly;
  justify-content: space-evenly;
  background-color: #fff;
  margin: 0 auto;
  max-width: 540px;
  padding: 16px 32px;
  -webkit-transform: translate(0,50%);
  -ms-transform: translate(0,50%);
  transform: translate(0,50%);
}

.c4 {
  padding: 8px 0;
}

.c3 .c9 {
  margin-left: 8px;
}

<div
  aria-describedby="simple-modal-description"
  aria-labelledby="simple-modal-title"
  role="presentation"
  style="position: fixed; z-index: 1300; right: 0px; bottom: 0px; top: 0px; left: 0px;"
>
  <div
    aria-hidden="true"
    style="z-index: -1; position: fixed; right: 0px; bottom: 0px; top: 0px; left: 0px; background-color: rgba(0, 0, 0, 0.5);"
  />
  <div
    data-test="sentinelStart"
    tabindex="0"
  />
  <div
    class="c0"
    tabindex="-1"
  >
    <div
      class="c1"
    >
      <h2
        id="simple-modal-title"
      >
        Authenticate with Github
      </h2>
      <p
        id="simple-modal-description"
      >
        Weave GitOps needs to authenticate with the Git Provider for the ssh://example.com/user/repo.git repo
      </p>
    </div>
    <div>
      <p>
        Paste this code into the Github Device Activation field to grant Weave GitOps temporary access:
      </p>
      <div
        class="c2"
      >
        <div
          class="c3"
        >
          <div
            class="c2 c4"
          >
            <span
              class="c5 c6"
            />
          </div>
          <div
            class="c2 c4"
          >
            <a
              target="_blank"
            >
              <button
                class="MuiButtonBase-root MuiButton-root MuiButton-outlined c7 MuiButton-outlinedPrimary MuiButton-disableElevation"
                tabindex="0"
                type="button"
              >
                <span
                  class="MuiButton-label"
                >
                  <span
                    class="MuiButton-startIcon MuiButton-iconSizeMedium"
                  >
                    <div
                      class="c8 c9 c10"
                    >
                      <svg
                        aria-hidden="true"
                        class="MuiSvgIcon-root"
                        focusable="false"
                        viewBox="0 0 24 24"
                      >
                        <path
                          d="M19 19H5V5h7V3H5c-1.11 0-2 .9-2 2v14c0 1.1.89 2 2 2h14c1.1 0 2-.9 2-2v-7h-2v7zM14 3v2h3.59l-9.83 9.83 1.41 1.41L19 6.41V10h2V3h-7z"
                        />
                      </svg>
                    </div>
                  </span>
                  Authorize Github Access
                </span>
                <span
                  class="MuiTouchRipple-root"
                />
              </button>
            </a>
          </div>
          <div
            class="c2 c4"
          />
        </div>
      </div>
    </div>
    <div
      class="c11"
    >
      <button
        class="MuiButtonBase-root MuiButton-root MuiButton-text c7 MuiButton-colorInherit MuiButton-disableElevation"
        tabindex="0"
        type="button"
      >
        <span
          class="MuiButton-label"
        >
          Close
        </span>
        <span
          class="MuiTouchRipple-root"
        />
      </button>
    </div>
  </div>
  <div
    data-test="sentinelEnd"
    tabindex="0"
  />
</div>
`;
