// Jest Snapshot v1, https://goo.gl/fbAQLP

exports[`Applications index test snapshots loading 1`] = `
.c7 {
  display: -webkit-box;
  display: -webkit-flex;
  display: -ms-flexbox;
  display: flex;
  -webkit-flex-direction: row;
  -ms-flex-direction: row;
  flex-direction: row;
  -webkit-align-items: center;
  -webkit-box-align: center;
  -ms-flex-align: center;
  align-items: center;
}

.c13 {
  display: -webkit-box;
  display: -webkit-flex;
  display: -ms-flexbox;
  display: flex;
  -webkit-flex-direction: row;
  -ms-flex-direction: row;
  flex-direction: row;
  -webkit-align-items: center;
  -webkit-box-align: center;
  -ms-flex-align: center;
  align-items: center;
  width: 100%;
  -webkit-box-pack: center;
  -webkit-justify-content: center;
  -ms-flex-pack: center;
  justify-content: center;
}

.c8 svg {
  fill: !important;
  height: 24px;
  width: 24px;
}

.c8.downward {
  -webkit-transform: rotate(180deg);
  -ms-transform: rotate(180deg);
  transform: rotate(180deg);
}

.c8.upward {
  -webkit-transform: initial;
  -ms-transform: initial;
  transform: initial;
}

.c12 svg {
  fill: !important;
  height: 16px;
  width: 16px;
}

.c12.downward {
  -webkit-transform: rotate(180deg);
  -ms-transform: rotate(180deg);
  transform: rotate(180deg);
}

.c12.upward {
  -webkit-transform: initial;
  -ms-transform: initial;
  transform: initial;
}

.c11.MuiButton-root {
  height: 32px;
  font-size: 12px;
  -webkit-letter-spacing: 1px;
  -moz-letter-spacing: 1px;
  -ms-letter-spacing: 1px;
  letter-spacing: 1px;
  line-height: 1;
  border-radius: 2px;
  font-weight: 600;
}

.c11.MuiButton-outlined {
  padding: 8px 12px;
  border-color: #d8d8d8;
}

.c6 {
  height: 40px;
  width: 40px;
}

.c6.MuiIconButton-root {
  background-color: #fff;
}

.c6.MuiIconButton-root:hover {
  background-color: #fff;
  color: #009CCC;
}

.c4 {
  padding-right: 12px;
}

.c0 {
  width: 100%;
  margin: 0 auto;
}

.c9 {
  margin: 0 16px;
  padding: 24px;
  background-color: #fff;
  border-radius: 8px 8px 0 0;
}

.c14 {
  padding: calc(24px - 4px) 24px;
  margin: 0 16px;
  background-color: rgba(255,255,255,0.7);
  color: #737373;
  border-radius: 0 0 8px 8px;
  display: -webkit-box;
  display: -webkit-flex;
  display: -ms-flexbox;
  display: flex;
  -webkit-box-pack: justify;
  -webkit-justify-content: space-between;
  -ms-flex-pack: justify;
  justify-content: space-between;
}

.c14 a {
  color: #00b3ec;
}

.c2 {
  -webkit-align-items: flex-end;
  -webkit-box-align: flex-end;
  -ms-flex-align: flex-end;
  align-items: flex-end;
  display: -webkit-box;
  display: -webkit-flex;
  display: -ms-flexbox;
  display: flex;
  -webkit-box-pack: center;
  -webkit-justify-content: center;
  -ms-flex-pack: center;
  justify-content: center;
  font-size: 20px;
  height: 32px;
}

.c3 {
  margin-right: 8px;
  white-space: nowrap;
}

.c1 {
  -webkit-align-items: center;
  -webkit-box-align: center;
  -ms-flex-align: center;
  align-items: center;
  -webkit-box-pack: justify;
  -webkit-justify-content: space-between;
  -ms-flex-pack: justify;
  justify-content: space-between;
  display: -webkit-box;
  display: -webkit-flex;
  display: -ms-flexbox;
  display: flex;
  color: inherit;
  font-size: 20px;
  height: 80px;
  -webkit-box-flex: 1;
  -webkit-flex-grow: 1;
  -ms-flex-positive: 1;
  flex-grow: 1;
  padding: 0 12px 0 24px;
  position: -webkit-sticky;
  position: sticky;
  top: 0;
  z-index: 2;
  background: inherit;
}

.c1 .MuiListItemIcon-root {
  min-width: 30px;
}

.c5 svg {
  fill: #00b3ec;
}

.c5 button {
  background-color: #f5f5f5;
}

.c10 {
  display: -webkit-box;
  display: -webkit-flex;
  display: -ms-flexbox;
  display: flex;
}

.c10 > .actionButton.btn {
  margin-right: 12px;
}

<div>
  <div
    class="c0"
  >
    <div
      class="c1"
    >
      <div
        class="c2"
      >
        <div
          class="makeStyles-path-10"
          style="align-items: center;"
        >
          <div
            class="c3"
            role="heading"
          >
            <a
              class="makeStyles-link-13"
              href="/applications"
            >
              Applications
            </a>
          </div>
        </div>
      </div>
      <div
        class="c4 c5"
      >
        <button
          aria-haspopup="true"
          class="MuiButtonBase-root MuiIconButton-root c6"
          tabindex="0"
          title="Account settings"
          type="button"
        >
          <span
            class="MuiIconButton-label"
          >
            <div
              class="c7 c8"
            >
              <svg
                aria-hidden="true"
                class="MuiSvgIcon-root"
                focusable="false"
                viewBox="0 0 24 24"
              >
                <path
                  d="M12 12c2.21 0 4-1.79 4-4s-1.79-4-4-4-4 1.79-4 4 1.79 4 4 4zm0 2c-2.67 0-8 1.34-8 4v2h16v-2c0-2.66-5.33-4-8-4z"
                />
              </svg>
            </div>
          </span>
        </button>
      </div>
    </div>
    <div
      style="display: flex; flex-direction: column; width: 100%; height: calc(100vh - 80px); overflow-wrap: normal; overflow-x: scroll;"
    >
      <div
        class="c9"
      >
        <div
          style="display: flex; align-items: center; justify-content: space-between;"
        >
          <div
            class="c10"
          >
            <button
              class="MuiButtonBase-root MuiButton-root MuiButton-outlined c11 actionButton btn MuiButton-outlinedPrimary MuiButton-disableElevation"
              id="add-application"
              tabindex="0"
              type="button"
            >
              <span
                class="MuiButton-label"
              >
                <span
                  class="MuiButton-startIcon MuiButton-iconSizeMedium"
                >
                  <div
                    class="c7 c12"
                  >
                    <svg
                      aria-hidden="true"
                      class="MuiSvgIcon-root"
                      focusable="false"
                      viewBox="0 0 24 24"
                    >
                      <path
                        d="M19 13h-6v6h-2v-6H5v-2h6V5h2v6h6v2z"
                      />
                    </svg>
                  </div>
                </span>
                ADD AN APPLICATION
              </span>
            </button>
            <a
              aria-disabled="false"
              class="MuiButtonBase-root MuiButton-root MuiButton-outlined c11 actionButton btn MuiButton-outlinedPrimary MuiButton-disableElevation"
              href="/"
              rel="noopener noreferrer"
              tabindex="0"
              target="_blank"
            >
              <span
                class="MuiButton-label"
              >
                <div
                  class="c7 c12 makeStyles-externalIcon-9"
                >
                  <svg
                    aria-hidden="true"
                    class="MuiSvgIcon-root"
                    focusable="false"
                    viewBox="0 0 24 24"
                  >
                    <path
                      d="M19 19H5V5h7V3H5c-1.11 0-2 .9-2 2v14c0 1.1.89 2 2 2h14c1.1 0 2-.9 2-2v-7h-2v7zM14 3v2h3.59l-9.83 9.83 1.41 1.41L19 6.41V10h2V3h-7z"
                    />
                  </svg>
                </div>
                GO TO OPEN PULL REQUESTS
              </span>
            </a>
          </div>
        </div>
        <div
          class="c13 "
        >
          <div
            class="MuiCircularProgress-root MuiCircularProgress-colorPrimary MuiCircularProgress-indeterminate"
            role="progressbar"
            style="width: 40px; height: 40px; color: rgb(0, 179, 236);"
          >
            <svg
              class="MuiCircularProgress-svg"
              viewBox="22 22 44 44"
            >
              <circle
                class="MuiCircularProgress-circle MuiCircularProgress-circleIndeterminate"
                cx="44"
                cy="44"
                fill="none"
                r="20.2"
                stroke-width="3.6"
              />
            </svg>
          </div>
        </div>
      </div>
      <div
        class="c14"
      >
        <div>
          Need help? Raise aÂ 
          <a
            href="https://weavesupport.zendesk.com/"
          >
            support ticket
          </a>
        </div>
        <div
          class=""
        >
          Weave GitOps Enterprise 
        </div>
      </div>
    </div>
  </div>
</div>
`;

exports[`Applications index test snapshots success 1`] = `<div />`;
