// Jest Snapshot v1, https://goo.gl/fbAQLP

exports[`PipelineDetails snapshots renders 1`] = `
.c7 {
  display: -webkit-box;
  display: -webkit-flex;
  display: -ms-flexbox;
  display: flex;
  -webkit-flex-direction: row;
  -ms-flex-direction: row;
  flex-direction: row;
  -webkit-align-items: center;
  -webkit-box-align: center;
  -ms-flex-align: center;
  align-items: center;
}

.c13 {
  display: -webkit-box;
  display: -webkit-flex;
  display: -ms-flexbox;
  display: flex;
  -webkit-flex-direction: column;
  -ms-flex-direction: column;
  flex-direction: column;
  -webkit-align-items: start;
  -webkit-box-align: start;
  -ms-flex-align: start;
  align-items: start;
  height: 100%;
  width: 100%;
  -webkit-box-pack: start;
  -webkit-justify-content: flex-start;
  -ms-flex-pack: start;
  justify-content: flex-start;
}

.c27 {
  display: -webkit-box;
  display: -webkit-flex;
  display: -ms-flexbox;
  display: flex;
  -webkit-flex-direction: row;
  -ms-flex-direction: row;
  flex-direction: row;
  -webkit-align-items: center;
  -webkit-box-align: center;
  -ms-flex-align: center;
  align-items: center;
  -webkit-box-pack: start;
  -webkit-justify-content: flex-start;
  -ms-flex-pack: start;
  justify-content: flex-start;
}

.c32 {
  display: -webkit-box;
  display: -webkit-flex;
  display: -ms-flexbox;
  display: flex;
  -webkit-flex-direction: row;
  -ms-flex-direction: row;
  flex-direction: row;
  -webkit-align-items: start;
  -webkit-box-align: start;
  -ms-flex-align: start;
  align-items: start;
  width: 100%;
  -webkit-box-pack: justify;
  -webkit-justify-content: space-between;
  -ms-flex-pack: justify;
  justify-content: space-between;
}

.c17 {
  font-family: 'proxima-nova',Helvetica,Arial,sans-serif;
  font-size: 14px;
  font-weight: 400;
  text-transform: none;
  font-style: normal;
  color: #00b3ec;
}

.c18 {
  font-family: 'proxima-nova',Helvetica,Arial,sans-serif;
  font-size: 12px;
  font-weight: 600;
  text-transform: uppercase;
  font-style: normal;
  color: #737373;
}

.c31 {
  font-family: 'proxima-nova',Helvetica,Arial,sans-serif;
  font-size: 14px;
  font-weight: 800;
  text-transform: none;
  font-style: normal;
  color: #BC3B1D;
}

.c9 svg {
  fill: !important;
  height: 24px;
  width: 24px;
}

.c9.downward {
  -webkit-transform: rotate(180deg);
  -ms-transform: rotate(180deg);
  transform: rotate(180deg);
}

.c9.upward {
  -webkit-transform: initial;
  -ms-transform: initial;
  transform: initial;
}

.c9 .c16 {
  margin-left: 4px;
}

.c9 img {
  width: 24px;
}

.c30 svg {
  fill: #BC3B1D !important;
  height: 16px;
  width: 16px;
}

.c30.downward {
  -webkit-transform: rotate(180deg);
  -ms-transform: rotate(180deg);
  transform: rotate(180deg);
}

.c30.upward {
  -webkit-transform: initial;
  -ms-transform: initial;
  transform: initial;
}

.c30 .c16 {
  margin-left: 4px;
  color: #BC3B1D;
}

.c30 img {
  width: 16px;
}

.c29 .c8 .c16 {
  color: #1a1a1a;
  font-weight: 400;
}

.c11.MuiButton-root {
  height: 32px;
  font-size: 12px;
  -webkit-letter-spacing: 1px;
  -moz-letter-spacing: 1px;
  -ms-letter-spacing: 1px;
  letter-spacing: 1px;
  line-height: 1;
  border-radius: 2px;
  font-weight: 600;
}

.c11.MuiButton-outlined {
  padding: 8px 12px;
  border-color: #d8d8d8;
}

.c19 {
  padding: 8px;
}

.c15 {
  -webkit-text-decoration: none;
  text-decoration: none;
}

.c14 .active-tab {
  background: #00b3ec19;
}

.c14 .MuiTab-root {
  line-height: 1;
  -webkit-letter-spacing: 1px;
  -moz-letter-spacing: 1px;
  -ms-letter-spacing: 1px;
  letter-spacing: 1px;
  height: 32px;
  min-height: 32px;
  width: 132px;
}

.c14 .MuiTabs-root {
  min-height: 32px;
}

.c14 .MuiTabs-fixed {
  height: 32px;
}

.c14 .MuiTabs-indicator {
  height: 3px;
  background-color: #00b3ec;
}

.c6 {
  height: 40px;
  width: 40px;
}

.c6.MuiIconButton-root {
  background-color: #F6F7F9;
  color: #737373;
}

.c6.MuiIconButton-root:hover {
  background-color: #fff;
  color: #009CCC;
}

.c5 {
  padding-right: 12px;
}

.c0 {
  width: 100%;
  margin: 0 auto;
}

.c10 {
  margin: 0 16px;
  padding: 24px;
  background-color: #fff;
  border-radius: 8px 8px 0 0;
}

.c34 {
  padding: calc(24px - 4px) 24px;
  margin: 0 16px;
  background-color: rgba(255,255,255,0.7);
  color: #737373;
  border-radius: 0 0 8px 8px;
  display: -webkit-box;
  display: -webkit-flex;
  display: -ms-flexbox;
  display: flex;
  -webkit-box-pack: justify;
  -webkit-justify-content: space-between;
  -ms-flex-pack: justify;
  justify-content: space-between;
}

.c34 a {
  color: #00b3ec;
}

.c2 {
  -webkit-align-items: center;
  -webkit-box-align: center;
  -ms-flex-align: center;
  align-items: center;
  display: -webkit-box;
  display: -webkit-flex;
  display: -ms-flexbox;
  display: flex;
  -webkit-box-pack: center;
  -webkit-justify-content: center;
  -ms-flex-pack: center;
  justify-content: center;
  font-size: 20px;
  height: 32px;
}

.c4 {
  color: #fff;
  text-overflow: ellipsis;
  white-space: nowrap;
  overflow: hidden;
  max-width: 300px;
}

.c3 {
  margin-right: 8px;
  white-space: nowrap;
}

.c1 {
  -webkit-align-items: center;
  -webkit-box-align: center;
  -ms-flex-align: center;
  align-items: center;
  -webkit-box-pack: justify;
  -webkit-justify-content: space-between;
  -ms-flex-pack: justify;
  justify-content: space-between;
  display: -webkit-box;
  display: -webkit-flex;
  display: -ms-flexbox;
  display: flex;
  color: inherit;
  font-size: 20px;
  height: 80px;
  -webkit-box-flex: 1;
  -webkit-flex-grow: 1;
  -ms-flex-positive: 1;
  flex-grow: 1;
  padding: 0 12px 0 24px;
  position: -webkit-sticky;
  position: sticky;
  top: 0;
  z-index: 2;
  background: inherit;
}

.c1 .MuiListItemIcon-root {
  min-width: 30px;
}

.c26 {
  font-size: 20px;
}

.c26 .c28 span {
  display: none;
}

.c26 .c8 img {
  width: 16px;
}

.c12 span {
  margin-right: 0px;
}

.c21 {
  font-size: 20px;
  margin-bottom: 12px;
  text-overflow: ellipsis;
  white-space: nowrap;
  overflow: hidden;
  width: calc(250px - 32px);
}

.c20 {
  background: #fff;
  padding: 12px;
  margin-bottom: 8px;
  box-shadow: 0px 0px 1px rgba(26,32,36,0.32);
  border-radius: 10px;
  font-weight: 600;
}

.c22 {
  font-size: 14px;
  color: #1a1a1a;
  font-weight: 400;
}

.c23 {
  margin-bottom: 12px;
  line-height: 24px;
}

.c23 a > span {
  font-size: 20px;
}

.c24 {
  font-size: 14px;
}

.c25 {
  position: relative;
}

.c25 .version {
  margin-left: 4px;
}

.c33 {
  color: #737373;
  font-size: 14px;
  border: 1px solid #d8d8d8;
  padding: 14px 6px;
  border-radius: 50%;
}

@media (min-width:600px) {
  .c14 .MuiTab-root {
    min-width: 132px;
  }
}

<div>
  <div
    class="c0"
  >
    <div
      class="c1 count-header"
    >
      <div
        class="c2"
      >
        <div
          class="makeStyles-path-42"
          style="align-items: center;"
        >
          <div
            class="c3"
            role="heading"
          >
            <a
              class="makeStyles-link-45"
              href="/applications"
            >
              Applications
            </a>
          </div>
        </div>
        <div
          class="makeStyles-path-42"
          style="align-items: center;"
        >
          <div
            class="makeStyles-divider-43"
          >
            <svg
              aria-hidden="true"
              class="MuiSvgIcon-root makeStyles-iconDivider-44"
              focusable="false"
              viewBox="0 0 24 24"
            >
              <path
                d="M5.88 4.12L13.76 12l-7.88 7.88L8 22l10-10L8 2z"
              />
            </svg>
          </div>
          <div
            class="c3"
            role="heading"
          >
            <a
              class="makeStyles-link-45"
              href="/applications/pipelines"
            >
              Pipelines
            </a>
          </div>
        </div>
        <div
          class="makeStyles-path-42"
          style="align-items: center;"
        >
          <div
            class="makeStyles-divider-43"
          >
            <svg
              aria-hidden="true"
              class="MuiSvgIcon-root makeStyles-iconDivider-44"
              focusable="false"
              viewBox="0 0 24 24"
            >
              <path
                d="M5.88 4.12L13.76 12l-7.88 7.88L8 22l10-10L8 2z"
              />
            </svg>
          </div>
          <span
            class="c4 makeStyles-labelLink-46"
            title="podinfo-02"
          >
            podinfo-02
          </span>
        </div>
      </div>
      <div
        class="c5"
      >
        <button
          aria-haspopup="true"
          class="MuiButtonBase-root MuiIconButton-root c6"
          tabindex="0"
          title="Account settings"
          type="button"
        >
          <span
            class="MuiIconButton-label"
          >
            <div
              class="c7 c8 c9"
            >
              <svg
                aria-hidden="true"
                class="MuiSvgIcon-root"
                focusable="false"
                viewBox="0 0 24 24"
              >
                <path
                  d="M12 12c2.21 0 4-1.79 4-4s-1.79-4-4-4-4 1.79-4 4 1.79 4 4 4zm0 2c-2.67 0-8 1.34-8 4v2h16v-2c0-2.66-5.33-4-8-4z"
                />
              </svg>
            </div>
          </span>
          <span
            class="MuiTouchRipple-root"
          />
        </button>
      </div>
    </div>
    <div
      style="display: flex; flex-direction: column; width: 100%; height: calc(100vh - 80px); overflow-wrap: normal; overflow-x: scroll;"
    >
      <div
        class="c10"
      >
        <a
          href="/"
          style="pointer-events: none;"
        >
          <div
            class="makeStyles-editButton-41"
          >
            <button
              class="MuiButtonBase-root MuiButton-root MuiButton-outlined c11 c12 MuiButton-outlinedPrimary MuiButton-disableElevation Mui-disabled Mui-disabled"
              disabled=""
              tabindex="-1"
              type="button"
            >
              <span
                class="MuiButton-label"
              >
                <span
                  class="MuiButton-startIcon MuiButton-iconSizeMedium"
                >
                  <svg
                    aria-hidden="true"
                    class="MuiSvgIcon-root MuiSvgIcon-fontSizeSmall"
                    focusable="false"
                    viewBox="0 0 24 24"
                  >
                    <path
                      d="M3 17.25V21h3.75L17.81 9.94l-3.75-3.75L3 17.25zM20.71 7.04c.39-.39.39-1.02 0-1.41l-2.34-2.34a.9959.9959 0 00-1.41 0l-1.83 1.83 3.75 3.75 1.83-1.83z"
                    />
                  </svg>
                </span>
              </span>
            </button>
          </div>
        </a>
        <div
          class="c13 c14 $66f9bbb72ea3c190$var$SubRouterTabs"
        >
          <div
            class="MuiTabs-root"
          >
            <div
              class="MuiTabs-scroller MuiTabs-fixed"
              style="overflow: hidden;"
            >
              <div
                class="MuiTabs-flexContainer"
                role="tablist"
              >
                <a
                  aria-disabled="false"
                  aria-selected="true"
                  class="c15 MuiButtonBase-root MuiTab-root MuiTab-textColorInherit false Mui-selected"
                  href="/applications/pipelines/details/status"
                  role="tab"
                  tabindex="0"
                >
                  <span
                    class="c16 c17"
                    color="primary"
                  >
                    <span
                      class="MuiTab-wrapper"
                    >
                      <span
                        class="c16 c18"
                        color="neutral30"
                      >
                        Status
                      </span>
                    </span>
                    <span
                      class="MuiTouchRipple-root"
                    />
                  </span>
                </a>
                <a
                  aria-disabled="false"
                  aria-selected="false"
                  class="c15 MuiButtonBase-root MuiTab-root MuiTab-textColorInherit false"
                  href="/applications/pipelines/details/yaml"
                  role="tab"
                  tabindex="-1"
                >
                  <span
                    class="c16 c17"
                    color="primary"
                  >
                    <span
                      class="MuiTab-wrapper"
                    >
                      <span
                        class="c16 c18"
                        color="neutral30"
                      >
                        Yaml
                      </span>
                    </span>
                    <span
                      class="MuiTouchRipple-root"
                    />
                  </span>
                </a>
              </div>
              <span
                class="PrivateTabIndicator-root-48 PrivateTabIndicator-colorPrimary-49 MuiTabs-indicator"
                style="left: 0px; width: 0px;"
              />
            </div>
          </div>
          <div
            class="c19"
          />
          <div
            class="MuiGrid-root makeStyles-gridWrapper-36 MuiGrid-container MuiGrid-spacing-xs-4"
          >
            <div
              class="MuiGrid-root makeStyles-gridContainer-35 MuiGrid-item MuiGrid-grid-xs-true"
              id="dev"
            >
              <div
                class="makeStyles-mbSmall-39"
              >
                <div
                  class="makeStyles-title-37"
                >
                  dev
                </div>
                <div
                  class="makeStyles-subtitle-38"
                >
                  1
                   Targets
                </div>
              </div>
              <div
                class="c20"
                role="targeting"
              >
                <div
                  class="c21 workloadTarget"
                >
                  <div
                    class="c22"
                  >
                    Cluster
                  </div>
                  <div
                    class="c23 cluster-name"
                  >
                    <a
                      href="/cluster?clusterName=dev"
                    >
                      dev
                    </a>
                  </div>
                  <div
                    class="c22"
                  >
                    Namespace
                  </div>
                  <div
                    class="c24 workload-namespace"
                  >
                    podinfo-02-dev
                  </div>
                </div>
                <div
                  class="c25"
                >
                  <div
                    class="automation"
                  >
                    <a
                      class="c15"
                      href="/helm_release/details?clusterName=flux-system%2Fdev&name=podinfo&namespace=podinfo-02-dev"
                    >
                      <span
                        class="c16 c17"
                        color="primary"
                      >
                        <div
                          class="c26 WorkloadStatus"
                        >
                          <div
                            class="c7"
                          >
                            <div
                              style="margin-right: 4px;"
                            >
                              <div
                                class="c27 c28 c29 $43649dcb1d1d1221$var$KubeStatusIndicator"
                              >
                                <div
                                  class="c7 c8 c30"
                                >
                                  <svg
                                    aria-hidden="true"
                                    class="MuiSvgIcon-root"
                                    focusable="false"
                                    viewBox="0 0 24 24"
                                  >
                                    <path
                                      d="M12 2C6.48 2 2 6.48 2 12s4.48 10 10 10 10-4.48 10-10S17.52 2 12 2zm1 15h-2v-2h2v2zm0-4h-2V7h2v6z"
                                    />
                                  </svg>
                                  <span
                                    class="c16 c31"
                                    color="alertOriginal"
                                  >
                                    Not Ready
                                  </span>
                                </div>
                              </div>
                            </div>
                            <div>
                              podinfo
                            </div>
                          </div>
                        </div>
                      </span>
                    </a>
                  </div>
                  <div
                    class="c32"
                  >
                    <div
                      class="makeStyles-subtitle-38 makeStyles-subtitleColor-40"
                      style="align-self: flex-end;"
                    >
                      <span>
                        Specification:
                      </span>
                      <span
                        class="version"
                      >
                        v6.2.0
                      </span>
                    </div>
                    <span
                      class="c33 last-applied-version"
                    >
                      v6.2.0
                    </span>
                  </div>
                </div>
              </div>
            </div>
            <div
              class="MuiGrid-root makeStyles-gridContainer-35 MuiGrid-item MuiGrid-grid-xs-true"
              id="test"
            >
              <div
                class="makeStyles-mbSmall-39"
              >
                <div
                  class="makeStyles-title-37"
                >
                  test
                </div>
                <div
                  class="makeStyles-subtitle-38"
                >
                  2
                   Targets
                </div>
              </div>
              <div
                class="c20"
                role="targeting"
              >
                <div
                  class="c21 workloadTarget"
                >
                  <div
                    class="c22"
                  >
                    Cluster
                  </div>
                  <div
                    class="c23 cluster-name"
                  >
                    <a
                      href="/cluster?clusterName=dev"
                    >
                      dev
                    </a>
                  </div>
                  <div
                    class="c22"
                  >
                    Namespace
                  </div>
                  <div
                    class="c24 workload-namespace"
                  >
                    podinfo-02-qa
                  </div>
                </div>
                <div
                  class="c25"
                >
                  <div
                    class="automation"
                  >
                    <a
                      class="c15"
                      href="/helm_release/details?clusterName=undefined%2Fdev&name=podinfo&namespace=podinfo-02-qa"
                    >
                      <span
                        class="c16 c17"
                        color="primary"
                      >
                        <div
                          class="c26 WorkloadStatus"
                        >
                          <div
                            class="c7"
                          >
                            <div
                              style="margin-right: 4px;"
                            >
                              <div
                                class="c27 c28 c29 $43649dcb1d1d1221$var$KubeStatusIndicator"
                              >
                                <div
                                  class="c7 c8 c30"
                                >
                                  <svg
                                    aria-hidden="true"
                                    class="MuiSvgIcon-root"
                                    focusable="false"
                                    viewBox="0 0 24 24"
                                  >
                                    <path
                                      d="M12 2C6.48 2 2 6.48 2 12s4.48 10 10 10 10-4.48 10-10S17.52 2 12 2zm1 15h-2v-2h2v2zm0-4h-2V7h2v6z"
                                    />
                                  </svg>
                                  <span
                                    class="c16 c31"
                                    color="alertOriginal"
                                  >
                                    Not Ready
                                  </span>
                                </div>
                              </div>
                            </div>
                            <div>
                              podinfo
                            </div>
                          </div>
                        </div>
                      </span>
                    </a>
                  </div>
                  <div
                    class="c32"
                  >
                    <div
                      class="makeStyles-subtitle-38 makeStyles-subtitleColor-40"
                      style="align-self: flex-end;"
                    >
                      <span>
                        Specification:
                      </span>
                      <span
                        class="version"
                      >
                        v6.1.8
                      </span>
                    </div>
                  </div>
                </div>
              </div>
              <div
                class="c20"
                role="targeting"
              >
                <div
                  class="c21 workloadTarget"
                >
                  <div
                    class="c22"
                  >
                    Cluster
                  </div>
                  <div
                    class="c23 cluster-name"
                  >
                    <a
                      href="/cluster?clusterName=dev"
                    >
                      dev
                    </a>
                  </div>
                  <div
                    class="c22"
                  >
                    Namespace
                  </div>
                  <div
                    class="c24 workload-namespace"
                  >
                    podinfo-02-perf
                  </div>
                </div>
                <div
                  class="c25"
                >
                  <div
                    class="automation"
                  >
                    <a
                      class="c15"
                      href="/helm_release/details?clusterName=undefined%2Fdev&name=podinfo&namespace=podinfo-02-perf"
                    >
                      <span
                        class="c16 c17"
                        color="primary"
                      >
                        <div
                          class="c26 WorkloadStatus"
                        >
                          <div
                            class="c7"
                          >
                            <div
                              style="margin-right: 4px;"
                            >
                              <div
                                class="c27 c28 c29 $43649dcb1d1d1221$var$KubeStatusIndicator"
                              >
                                <div
                                  class="c7 c8 c30"
                                >
                                  <svg
                                    aria-hidden="true"
                                    class="MuiSvgIcon-root"
                                    focusable="false"
                                    viewBox="0 0 24 24"
                                  >
                                    <path
                                      d="M12 2C6.48 2 2 6.48 2 12s4.48 10 10 10 10-4.48 10-10S17.52 2 12 2zm1 15h-2v-2h2v2zm0-4h-2V7h2v6z"
                                    />
                                  </svg>
                                  <span
                                    class="c16 c31"
                                    color="alertOriginal"
                                  >
                                    Not Ready
                                  </span>
                                </div>
                              </div>
                            </div>
                            <div>
                              podinfo
                            </div>
                          </div>
                        </div>
                      </span>
                    </a>
                  </div>
                  <div
                    class="c32"
                  >
                    <div
                      class="makeStyles-subtitle-38 makeStyles-subtitleColor-40"
                      style="align-self: flex-end;"
                    >
                      <span>
                        Specification:
                      </span>
                      <span
                        class="version"
                      >
                        v6.1.8
                      </span>
                    </div>
                  </div>
                </div>
              </div>
            </div>
            <div
              class="MuiGrid-root makeStyles-gridContainer-35 MuiGrid-item MuiGrid-grid-xs-true"
              id="prod"
            >
              <div
                class="makeStyles-mbSmall-39"
              >
                <div
                  class="makeStyles-title-37"
                >
                  prod
                </div>
                <div
                  class="makeStyles-subtitle-38"
                >
                  1
                   Targets
                </div>
              </div>
              <div
                class="c20"
                role="targeting"
              >
                <div
                  class="c21 workloadTarget"
                >
                  <div
                    class="c22"
                  >
                    Cluster
                  </div>
                  <div
                    class="c23 cluster-name"
                  >
                    <a
                      href="/cluster?clusterName=prod"
                    >
                      prod
                    </a>
                  </div>
                  <div
                    class="c22"
                  >
                    Namespace
                  </div>
                  <div
                    class="c24 workload-namespace"
                  >
                    podinfo-02-prod
                  </div>
                </div>
                <div
                  class="c25"
                >
                  <div
                    class="automation"
                  >
                    <a
                      class="c15"
                      href="/helm_release/details?clusterName=undefined%2Fprod&name=podinfo&namespace=podinfo-02-prod"
                    >
                      <span
                        class="c16 c17"
                        color="primary"
                      >
                        <div
                          class="c26 WorkloadStatus"
                        >
                          <div
                            class="c7"
                          >
                            <div
                              style="margin-right: 4px;"
                            >
                              <div
                                class="c27 c28 c29 $43649dcb1d1d1221$var$KubeStatusIndicator"
                              >
                                <div
                                  class="c7 c8 c30"
                                >
                                  <svg
                                    aria-hidden="true"
                                    class="MuiSvgIcon-root"
                                    focusable="false"
                                    viewBox="0 0 24 24"
                                  >
                                    <path
                                      d="M12 2C6.48 2 2 6.48 2 12s4.48 10 10 10 10-4.48 10-10S17.52 2 12 2zm1 15h-2v-2h2v2zm0-4h-2V7h2v6z"
                                    />
                                  </svg>
                                  <span
                                    class="c16 c31"
                                    color="alertOriginal"
                                  >
                                    Not Ready
                                  </span>
                                </div>
                              </div>
                            </div>
                            <div>
                              podinfo
                            </div>
                          </div>
                        </div>
                      </span>
                    </a>
                  </div>
                  <div
                    class="c32"
                  >
                    <div
                      class="makeStyles-subtitle-38 makeStyles-subtitleColor-40"
                      style="align-self: flex-end;"
                    >
                      <span>
                        Specification:
                      </span>
                      <span
                        class="version"
                      >
                        v6.1.6
                      </span>
                    </div>
                  </div>
                </div>
              </div>
            </div>
          </div>
        </div>
      </div>
      <div
        style="padding-top: 16px;"
      />
      <div
        class="c34"
      >
        <div>
          Need help? Raise a 
          <a
            class="c15"
            href="https://weavesupport.zendesk.com/"
            rel="noreferrer"
            target="_blank"
          >
            <span
              class="c16 c17"
              color="primary"
            >
              support ticket
            </span>
          </a>
        </div>
        <div
          class=""
        >
          Weave GitOps Enterprise 
        </div>
      </div>
    </div>
  </div>
</div>
`;
