apiVersion: v1
kind: Namespace
metadata:
  creationTimestamp: null
  labels:
    example.com/test-label: testing
    toolkit.fluxcd.io/tenant: foo-tenant
  name: foo-ns
spec: {}
status: {}
---
apiVersion: v1
kind: ServiceAccount
metadata:
  creationTimestamp: null
  labels:
    example.com/test-label: testing
    toolkit.fluxcd.io/tenant: foo-tenant
  name: foo-tenant
  namespace: foo-ns
---
apiVersion: rbac.authorization.k8s.io/v1
kind: RoleBinding
metadata:
  creationTimestamp: null
  labels:
    example.com/test-label: testing
    toolkit.fluxcd.io/tenant: foo-tenant
  name: foo-tenant
  namespace: foo-ns
roleRef:
  apiGroup: rbac.authorization.k8s.io
  kind: ClusterRole
  name: cluster-admin
subjects:
- apiGroup: rbac.authorization.k8s.io
  kind: User
  name: gotk:foo-ns:reconciler
- kind: ServiceAccount
  name: foo-tenant
  namespace: foo-ns
---
apiVersion: v1
kind: Namespace
metadata:
  creationTimestamp: null
  labels:
    example.com/test-label: testing
    toolkit.fluxcd.io/tenant: foo-tenant
  name: bar-ns
spec: {}
status: {}
---
apiVersion: v1
kind: ServiceAccount
metadata:
  creationTimestamp: null
  labels:
    example.com/test-label: testing
    toolkit.fluxcd.io/tenant: foo-tenant
  name: foo-tenant
  namespace: bar-ns
---
apiVersion: rbac.authorization.k8s.io/v1
kind: RoleBinding
metadata:
  creationTimestamp: null
  labels:
    example.com/test-label: testing
    toolkit.fluxcd.io/tenant: foo-tenant
  name: foo-tenant
  namespace: bar-ns
roleRef:
  apiGroup: rbac.authorization.k8s.io
  kind: ClusterRole
  name: cluster-admin
subjects:
- apiGroup: rbac.authorization.k8s.io
  kind: User
  name: gotk:bar-ns:reconciler
- kind: ServiceAccount
  name: foo-tenant
  namespace: bar-ns
---
