// Jest Snapshot v1, https://goo.gl/fbAQLP

exports[`Explorer snapshots renders 1`] = `
<div>
  <div
    class="cWzBAr Explorer"
  >
    <div
      class="cSydOs"
    >
      <div
        class="QueryStateChips"
      >
        <div
          class="eqkCsf cTdykF $9121bed0097d59fd$var$ChipGroup"
        />
      </div>
      <button
        class="MuiButtonBase-root MuiIconButton-root"
        tabindex="0"
        type="button"
      >
        <span
          class="MuiIconButton-label"
        >
          <div
            class="fNCJgN gcZbac"
          >
            <svg
              aria-hidden="true"
              class="MuiSvgIcon-root"
              focusable="false"
              viewBox="0 0 24 24"
            >
              <path
                d="M10 18h4v-2h-4v2zM3 6v2h18V6H3zm3 7h12v-2H6v2z"
              />
            </svg>
          </div>
        </span>
        <span
          class="MuiTouchRipple-root"
        />
      </button>
    </div>
    <div
      class="kWyVmm"
    >
      <div
        class="gNvEgP dpBfnz iWRZYi ExplorerTable"
      >
        <div
          class=""
        />
        <div
          class="cSydOs fGHQuv"
        />
        <div
          class="fXhDuD"
        >
          <div
            class="MuiTableContainer-root"
          >
            <table
              aria-label="simple table"
              class="MuiTable-root"
            >
              <thead
                class="MuiTableHead-root"
              >
                <tr
                  class="MuiTableRow-root MuiTableRow-head"
                >
                  <th
                    class="MuiTableCell-root MuiTableCell-head"
                    scope="col"
                  >
                    <div
                      class="IsKSv"
                    >
                      <button
                        class="MuiButtonBase-root MuiButton-root MuiButton-text lfZVQa MuiButton-colorInherit"
                        tabindex="0"
                        type="button"
                      >
                        <span
                          class="MuiButton-label"
                        >
                          <h2
                            class="selected"
                          >
                            Name
                          </h2>
                        </span>
                        <span
                          class="MuiTouchRipple-root"
                        />
                      </button>
                      <div
                        class="fmllGp"
                      />
                      <div
                        class="fNCJgN hxXmRH downward"
                      >
                        <svg
                          aria-hidden="true"
                          class="MuiSvgIcon-root"
                          focusable="false"
                          viewBox="0 0 24 24"
                        >
                          <path
                            d="M4 12l1.41 1.41L11 7.83V20h2V7.83l5.58 5.59L20 12l-8-8-8 8z"
                          />
                        </svg>
                      </div>
                    </div>
                  </th>
                  <th
                    class="MuiTableCell-root MuiTableCell-head"
                    scope="col"
                  >
                    <div
                      class="IsKSv"
                    >
                      <button
                        class="MuiButtonBase-root MuiButton-root MuiButton-text lfZVQa MuiButton-colorInherit"
                        tabindex="0"
                        type="button"
                      >
                        <span
                          class="MuiButton-label"
                        >
                          <h2
                            class=""
                          >
                            Kind
                          </h2>
                        </span>
                        <span
                          class="MuiTouchRipple-root"
                        />
                      </button>
                      <div
                        class="fmllGp"
                      />
                      <div
                        style="width: 16px;"
                      />
                    </div>
                  </th>
                  <th
                    class="MuiTableCell-root MuiTableCell-head"
                    scope="col"
                  >
                    <div
                      class="IsKSv"
                    >
                      <button
                        class="MuiButtonBase-root MuiButton-root MuiButton-text lfZVQa MuiButton-colorInherit"
                        tabindex="0"
                        type="button"
                      >
                        <span
                          class="MuiButton-label"
                        >
                          <h2
                            class=""
                          >
                            Namespace
                          </h2>
                        </span>
                        <span
                          class="MuiTouchRipple-root"
                        />
                      </button>
                      <div
                        class="fmllGp"
                      />
                      <div
                        style="width: 16px;"
                      />
                    </div>
                  </th>
                  <th
                    class="MuiTableCell-root MuiTableCell-head"
                    scope="col"
                  >
                    <div
                      class="IsKSv"
                    >
                      <button
                        class="MuiButtonBase-root MuiButton-root MuiButton-text lfZVQa MuiButton-colorInherit"
                        tabindex="0"
                        type="button"
                      >
                        <span
                          class="MuiButton-label"
                        >
                          <h2
                            class=""
                          >
                            Cluster
                          </h2>
                        </span>
                        <span
                          class="MuiTouchRipple-root"
                        />
                      </button>
                      <div
                        class="fmllGp"
                      />
                      <div
                        style="width: 16px;"
                      />
                    </div>
                  </th>
                  <th
                    class="MuiTableCell-root MuiTableCell-head"
                    scope="col"
                  >
                    <div
                      class="IsKSv"
                    >
                      <button
                        class="MuiButtonBase-root MuiButton-root MuiButton-text lfZVQa MuiButton-colorInherit"
                        tabindex="0"
                        type="button"
                      >
                        <span
                          class="MuiButton-label"
                        >
                          <h2
                            class=""
                          >
                            Tenant
                          </h2>
                        </span>
                        <span
                          class="MuiTouchRipple-root"
                        />
                      </button>
                      <div
                        class="fmllGp"
                      />
                      <div
                        style="width: 16px;"
                      />
                    </div>
                  </th>
                  <th
                    class="MuiTableCell-root MuiTableCell-head"
                    scope="col"
                  >
                    <div
                      class="IsKSv"
                    >
                      <button
                        class="MuiButtonBase-root MuiButton-root MuiButton-text lfZVQa MuiButton-colorInherit"
                        tabindex="0"
                        type="button"
                      >
                        <span
                          class="MuiButton-label"
                        >
                          <h2
                            class=""
                          >
                            Status
                          </h2>
                        </span>
                        <span
                          class="MuiTouchRipple-root"
                        />
                      </button>
                      <div
                        class="fmllGp"
                      />
                      <div
                        style="width: 16px;"
                      />
                    </div>
                  </th>
                  <th
                    class="MuiTableCell-root MuiTableCell-head"
                    scope="col"
                  >
                    <div
                      class="IsKSv"
                    >
                      <button
                        class="MuiButtonBase-root MuiButton-root MuiButton-text lfZVQa MuiButton-colorInherit"
                        tabindex="0"
                        type="button"
                      >
                        <span
                          class="MuiButton-label"
                        >
                          <h2
                            class=""
                          >
                            Message
                          </h2>
                        </span>
                        <span
                          class="MuiTouchRipple-root"
                        />
                      </button>
                      <div
                        class="fmllGp"
                      />
                      <div
                        style="width: 16px;"
                      />
                    </div>
                  </th>
                </tr>
              </thead>
              <tbody
                class="MuiTableBody-root"
              >
                <tr
                  class="MuiTableRow-root"
                >
                  <td
                    class="MuiTableCell-root MuiTableCell-body"
                  >
                    <span
                      class="jNLgwU"
                    >
                      <a
                        class="fOLcns $8405a4f7caf64b1d$var$Link"
                        href="/kustomization?name=flux-system&namespace=flux-system"
                      >
                        <span
                          class="ginmAQ"
                          color="primary"
                        >
                          flux-system
                        </span>
                      </a>
                    </span>
                  </td>
                  <td
                    class="MuiTableCell-root MuiTableCell-body"
                  >
                    <span
                      class="jNLgwU"
                    >
                      Kustomization
                    </span>
                  </td>
                  <td
                    class="MuiTableCell-root MuiTableCell-body"
                  >
                    <span
                      class="jNLgwU"
                    >
                      flux-system
                    </span>
                  </td>
                  <td
                    class="MuiTableCell-root MuiTableCell-body"
                  >
                    <span
                      class="jNLgwU"
                    >
                      -
                    </span>
                  </td>
                  <td
                    class="MuiTableCell-root MuiTableCell-body"
                  >
                    <span
                      class="jNLgwU"
                    >
                      -
                    </span>
                  </td>
                  <td
                    class="MuiTableCell-root MuiTableCell-body"
                  >
                    <span
                      class="jNLgwU"
                    >
                      <div
                        class="fNCJgN"
                      >
                        <div
                          class="MuiBox-root MuiBox-root-31"
                        >
                          <div
                            class="fNCJgN dGvMZw"
                          >
                            <svg
                              aria-hidden="true"
                              class="MuiSvgIcon-root"
                              focusable="false"
                              viewBox="0 0 24 24"
                            >
                              <path
                                d="M12 2C6.48 2 2 6.48 2 12s4.48 10 10 10 10-4.48 10-10S17.52 2 12 2zm1 15h-2v-2h2v2zm0-4h-2V7h2v6z"
                              />
                            </svg>
                          </div>
                        </div>
                        Ready
                      </div>
                    </span>
                  </td>
                  <td
                    class="MuiTableCell-root MuiTableCell-body"
                  >
                    <span
                      class="jNLgwU"
                    >
                      -
                    </span>
                  </td>
                </tr>
              </tbody>
            </table>
          </div>
        </div>
      </div>
      <div
        class="ljFUpk FilterDrawer"
      >
        <div
          class="kfgeSP"
        >
          <div
            class="gMuAtv"
          >
            <div
              class="MuiBox-root MuiBox-root-29"
            >
              <div>
                <h2>
                  Filters
                </h2>
              </div>
              <div>
                <div
                  class="kWyVmm cUaLCy QueryInput"
                >
                  <div
                    class="fNCJgN"
                  >
                    <div
                      class="fNCJgN juDKMA"
                    >
                      <svg
                        aria-hidden="true"
                        class="MuiSvgIcon-root"
                        focusable="false"
                        viewBox="0 0 24 24"
                      >
                        <path
                          d="M15.5 14h-.79l-.28-.27C15.41 12.59 16 11.11 16 9.5 16 5.91 13.09 3 9.5 3S3 5.91 3 9.5 5.91 16 9.5 16c1.61 0 3.09-.59 4.23-1.57l.27.28v.79l5 4.99L20.49 19l-4.99-5zm-6 0C7.01 14 5 11.99 5 9.5S7.01 5 9.5 5 14 7.01 14 9.5 11.99 14 9.5 14z"
                        />
                      </svg>
                    </div>
                    <div
                      class="MuiFormControl-root"
                    >
                      <div
                        class="MuiFormControl-root MuiTextField-root $66a683f19021b9f2$var$Input"
                      >
                        <div
                          class="MuiInputBase-root MuiInput-root MuiInput-underline MuiInputBase-formControl MuiInput-formControl"
                        >
                          <input
                            aria-invalid="false"
                            class="MuiInputBase-input MuiInput-input"
                            placeholder="Search"
                            type="text"
                            value=""
                          />
                        </div>
                      </div>
                    </div>
                  </div>
                </div>
                <div
                  class="dZCiSF Filters"
                >
                  <div>
                    <h3>
                      Kind
                    </h3>
                    <ul
                      style="list-style: none;"
                    >
                      <li>
                        <label
                          class="MuiFormControlLabel-root"
                        >
                          <span
                            aria-disabled="false"
                            class="MuiButtonBase-root MuiIconButton-root PrivateSwitchBase-root-32 MuiCheckbox-root MuiCheckbox-colorSecondary MuiIconButton-colorSecondary"
                          >
                            <span
                              class="MuiIconButton-label"
                            >
                              <input
                                class="PrivateSwitchBase-input-35"
                                data-indeterminate="false"
                                type="checkbox"
                                value=""
                              />
                              <svg
                                aria-hidden="true"
                                class="MuiSvgIcon-root"
                                focusable="false"
                                viewBox="0 0 24 24"
                              >
                                <path
                                  d="M19 5v14H5V5h14m0-2H5c-1.1 0-2 .9-2 2v14c0 1.1.9 2 2 2h14c1.1 0 2-.9 2-2V5c0-1.1-.9-2-2-2z"
                                />
                              </svg>
                            </span>
                            <span
                              class="MuiTouchRipple-root"
                            />
                          </span>
                          <span
                            class="MuiTypography-root MuiFormControlLabel-label MuiTypography-body1"
                          >
                            Kustomization
                          </span>
                        </label>
                      </li>
                      <li>
                        <label
                          class="MuiFormControlLabel-root"
                        >
                          <span
                            aria-disabled="false"
                            class="MuiButtonBase-root MuiIconButton-root PrivateSwitchBase-root-32 MuiCheckbox-root MuiCheckbox-colorSecondary MuiIconButton-colorSecondary"
                          >
                            <span
                              class="MuiIconButton-label"
                            >
                              <input
                                class="PrivateSwitchBase-input-35"
                                data-indeterminate="false"
                                type="checkbox"
                                value=""
                              />
                              <svg
                                aria-hidden="true"
                                class="MuiSvgIcon-root"
                                focusable="false"
                                viewBox="0 0 24 24"
                              >
                                <path
                                  d="M19 5v14H5V5h14m0-2H5c-1.1 0-2 .9-2 2v14c0 1.1.9 2 2 2h14c1.1 0 2-.9 2-2V5c0-1.1-.9-2-2-2z"
                                />
                              </svg>
                            </span>
                            <span
                              class="MuiTouchRipple-root"
                            />
                          </span>
                          <span
                            class="MuiTypography-root MuiFormControlLabel-label MuiTypography-body1"
                          >
                            HelmRelease
                          </span>
                        </label>
                      </li>
                      <li>
                        <label
                          class="MuiFormControlLabel-root"
                        >
                          <span
                            aria-disabled="false"
                            class="MuiButtonBase-root MuiIconButton-root PrivateSwitchBase-root-32 MuiCheckbox-root MuiCheckbox-colorSecondary MuiIconButton-colorSecondary"
                          >
                            <span
                              class="MuiIconButton-label"
                            >
                              <input
                                class="PrivateSwitchBase-input-35"
                                data-indeterminate="false"
                                type="checkbox"
                                value=""
                              />
                              <svg
                                aria-hidden="true"
                                class="MuiSvgIcon-root"
                                focusable="false"
                                viewBox="0 0 24 24"
                              >
                                <path
                                  d="M19 5v14H5V5h14m0-2H5c-1.1 0-2 .9-2 2v14c0 1.1.9 2 2 2h14c1.1 0 2-.9 2-2V5c0-1.1-.9-2-2-2z"
                                />
                              </svg>
                            </span>
                            <span
                              class="MuiTouchRipple-root"
                            />
                          </span>
                          <span
                            class="MuiTypography-root MuiFormControlLabel-label MuiTypography-body1"
                          >
                            GitRepository
                          </span>
                        </label>
                      </li>
                    </ul>
                  </div>
                </div>
              </div>
            </div>
          </div>
        </div>
      </div>
    </div>
    <div
      class="jfFvvd PaginationControls"
    >
      <div
        class="MuiBox-root MuiBox-root-30"
      >
        <button
          class="MuiButtonBase-root MuiIconButton-root Mui-disabled Mui-disabled"
          disabled=""
          tabindex="-1"
          type="button"
        >
          <span
            class="MuiIconButton-label"
          >
            <div
              class="fNCJgN juDKMA"
            >
              <svg
                aria-hidden="true"
                class="MuiSvgIcon-root"
                focusable="false"
                viewBox="0 0 24 24"
              >
                <path
                  d="M15.41 7.41L14 6l-6 6 6 6 1.41-1.41L10.83 12z"
                />
              </svg>
            </div>
          </span>
        </button>
        <button
          class="MuiButtonBase-root MuiIconButton-root Mui-disabled Mui-disabled"
          disabled=""
          tabindex="-1"
          type="button"
        >
          <span
            class="MuiIconButton-label"
          >
            <div
              class="fNCJgN juDKMA"
            >
              <svg
                aria-hidden="true"
                class="MuiSvgIcon-root"
                focusable="false"
                viewBox="0 0 24 24"
              >
                <path
                  d="M10 6L8.59 7.41 13.17 12l-4.58 4.59L10 18l6-6z"
                />
              </svg>
            </div>
          </span>
        </button>
      </div>
    </div>
  </div>
</div>
`;
